// Jest Snapshot v1, https://goo.gl/fbAQLP

exports[`ParaSwap SDK: fetcher made with: axios Get_Adapters: Get_Adapters 1`] = `
Array [
  "Bancor",
  "Compound",
  "Fulcrum",
  "AugustusRFQ",
  "BDai",
  "idle",
  "Shell",
  "DODOV1",
  "DODOV2",
  "TraderJoeV2.1",
  "Smoothy",
  "OneInchLP",
  "CurveV2",
  "mStable",
  "BProtocol",
  "Jarvis",
  "Lido",
  "CurveV1",
  "Swerve",
  "BalancerV1",
  "BalancerV2",
  "UniswapV2",
  "DefiSwap",
  "LinkSwap",
  "PancakeSwapV2",
  "SushiSwap",
  "Swapsicle",
  "ShibaSwap",
  "SakeSwap",
  "Verse",
  "UniswapV3",
  "SushiSwapV3",
  "PancakeswapV3",
  "AaveV1",
  "AaveV2",
  "AaveV3",
  "KyberDmm",
  "Weth",
  "PolygonMigrator",
  "MakerPsm",
  "Saddle",
  "Synapse",
  "ParaSwapLimitOrders",
  "SolidlyV2",
  "Synthetix",
  "CurveV1Factory",
  "wstETH",
  "Hashflow",
  "MaverickV1",
  "SwaapV2",
  "SolidlyV3",
  "Smardex",
  "Wombat",
  "Swell",
]
`;

exports[`ParaSwap SDK: fetcher made with: fetch Get_Adapters: Get_Adapters 1`] = `
Array [
  "Bancor",
  "Compound",
  "Fulcrum",
  "AugustusRFQ",
  "BDai",
  "idle",
  "Shell",
  "DODOV1",
  "DODOV2",
  "TraderJoeV2.1",
  "Smoothy",
  "OneInchLP",
  "CurveV2",
  "mStable",
  "BProtocol",
  "Jarvis",
  "Lido",
  "CurveV1",
  "Swerve",
  "BalancerV1",
  "BalancerV2",
  "UniswapV2",
  "DefiSwap",
  "LinkSwap",
  "PancakeSwapV2",
  "SushiSwap",
  "Swapsicle",
  "ShibaSwap",
  "SakeSwap",
  "Verse",
  "UniswapV3",
  "SushiSwapV3",
  "PancakeswapV3",
  "AaveV1",
  "AaveV2",
  "AaveV3",
  "KyberDmm",
  "Weth",
  "PolygonMigrator",
  "MakerPsm",
  "Saddle",
  "Synapse",
  "ParaSwapLimitOrders",
  "SolidlyV2",
  "Synthetix",
  "CurveV1Factory",
  "wstETH",
  "Hashflow",
  "MaverickV1",
  "SwaapV2",
  "SolidlyV3",
  "Smardex",
  "Wombat",
  "Swell",
]
`;
